DCL_PMOS_B_nfin4_nf2_m16_n12_X11_Y1 DCL_PMOS_B_nfin4_nf2_m16_n12_X11_Y1.gds
Switch_NMOS_nfin4_nf1_m4_n12_X2_Y1_ST2 Switch_NMOS_nfin4_nf1_m4_n12_X2_Y1_ST2.gds
Switch_NMOS_nfin4_nf1_m4_n12_X2_Y1_ST4 Switch_NMOS_nfin4_nf1_m4_n12_X2_Y1_ST4.gds
DP_NMOS_B_nfin4_nf1_m20_n12_X7_Y1_ST2 DP_NMOS_B_nfin4_nf1_m20_n12_X7_Y1_ST2.gds
SCM_PMOS_nfin4_nf1_m8_n12_X3_Y1_ST4 SCM_PMOS_nfin4_nf1_m8_n12_X3_Y1_ST4.gds
Switch_PMOS_nfin4_nf1_m4_n12_X2_Y1_ST2 Switch_PMOS_nfin4_nf1_m4_n12_X2_Y1_ST2.gds
DCL_NMOS_B_nfin4_nf2_m16_n12_X11_Y1 DCL_NMOS_B_nfin4_nf2_m16_n12_X11_Y1.gds
Switch_PMOS_nfin4_nf1_m8_n12_X3_Y1_ST4 Switch_PMOS_nfin4_nf1_m8_n12_X3_Y1_ST4.gds
DP_PMOS_B_nfin4_nf1_m20_n12_X7_Y1_ST2 DP_PMOS_B_nfin4_nf1_m20_n12_X7_Y1_ST2.gds
DCL_PMOS_nfin4_nf1_m4_n12_X2_Y1_ST4 DCL_PMOS_nfin4_nf1_m4_n12_X2_Y1_ST4.gds
SCM_NMOS_nfin4_nf1_m8_n12_X3_Y1_ST4 SCM_NMOS_nfin4_nf1_m8_n12_X3_Y1_ST4.gds
Switch_NMOS_nfin4_nf1_m8_n12_X3_Y1_ST4 Switch_NMOS_nfin4_nf1_m8_n12_X3_Y1_ST4.gds
Dcap_NMOS_nfin4_nf1_m4_n12_X2_Y1_ST4 Dcap_NMOS_nfin4_nf1_m4_n12_X2_Y1_ST4.gds
