CMC_NMOS_nfin4_nf1_m1_n12_X1_Y1_SLVT CMC_NMOS_nfin4_nf1_m1_n12_X1_Y1_SLVT.gds
Dcap_NMOS_B_nfin4_nf6_m1_n12_X2_Y1_SLVT Dcap_NMOS_B_nfin4_nf6_m1_n12_X2_Y1_SLVT.gds
Switch_PMOS_B_nfin5_nf1_m1_n12_X1_Y1_SLVT Switch_PMOS_B_nfin5_nf1_m1_n12_X1_Y1_SLVT.gds
Switch_PMOS_nfin5_nf2_m1_n12_X1_Y1_SLVT Switch_PMOS_nfin5_nf2_m1_n12_X1_Y1_SLVT.gds
CCP_PMOS_nfin5_nf1_m1_n12_X1_Y1_SLVT CCP_PMOS_nfin5_nf1_m1_n12_X1_Y1_SLVT.gds
Res_958p82 Res_958p82.gds
CCP_S_NMOS_B_nfin4_nf4_m1_n12_X2_Y1_SLVT CCP_S_NMOS_B_nfin4_nf4_m1_n12_X2_Y1_SLVT.gds
Switch_NMOS_nfin4_nf2_m1_n12_X1_Y1_SLVT Switch_NMOS_nfin4_nf2_m1_n12_X1_Y1_SLVT.gds
Switch_NMOS_nfin4_nf1_m1_n12_X1_Y1_SLVT Switch_NMOS_nfin4_nf1_m1_n12_X1_Y1_SLVT.gds
Switch_NMOS_nfin4_nf5_m1_n12_X2_Y1_SLVT Switch_NMOS_nfin4_nf5_m1_n12_X2_Y1_SLVT.gds
Switch_PMOS_nfin5_nf8_m1_n12_X2_Y2_SLVT Switch_PMOS_nfin5_nf8_m1_n12_X2_Y2_SLVT.gds
Switch_NMOS_B_nfin4_nf11_m1_n12_X2_Y2_SLVT Switch_NMOS_B_nfin4_nf11_m1_n12_X2_Y2_SLVT.gds
Switch_NMOS_nfin4_nf6_m1_n12_X2_Y1_SLVT Switch_NMOS_nfin4_nf6_m1_n12_X2_Y1_SLVT.gds
Switch_NMOS_nfin4_nf8_m1_n12_X3_Y1_SLVT Switch_NMOS_nfin4_nf8_m1_n12_X3_Y1_SLVT.gds
Cap_12f Cap_12f.gds
Switch_NMOS_nfin4_nf4_m1_n12_X2_Y1_SLVT Switch_NMOS_nfin4_nf4_m1_n12_X2_Y1_SLVT.gds
Switch_NMOS_nfin4_nf3_m1_n12_X1_Y1_SLVT Switch_NMOS_nfin4_nf3_m1_n12_X1_Y1_SLVT.gds
Switch_PMOS_nfin4_nf1_m1_n12_X1_Y1_SLVT Switch_PMOS_nfin4_nf1_m1_n12_X1_Y1_SLVT.gds
CCP_NMOS_nfin4_nf1_m1_n12_X1_Y1_SLVT CCP_NMOS_nfin4_nf1_m1_n12_X1_Y1_SLVT.gds
Switch_PMOS_B_nfin4_nf1_m1_n12_X1_Y1_SLVT Switch_PMOS_B_nfin4_nf1_m1_n12_X1_Y1_SLVT.gds
Switch_PMOS_B_nfin5_nf6_m1_n12_X3_Y1_SLVT Switch_PMOS_B_nfin5_nf6_m1_n12_X3_Y1_SLVT.gds
Switch_NMOS_B_nfin4_nf6_m1_n12_X2_Y1_SLVT Switch_NMOS_B_nfin4_nf6_m1_n12_X2_Y1_SLVT.gds
DP_PMOS_B_nfin4_nf2_m1_n12_X1_Y1_SLVT DP_PMOS_B_nfin4_nf2_m1_n12_X1_Y1_SLVT.gds
CMC_NMOS_nfin4_nf8_m1_n12_X3_Y1_SLVT CMC_NMOS_nfin4_nf8_m1_n12_X3_Y1_SLVT.gds
Res_1917p65 Res_1917p65.gds
Switch_NMOS_B_nfin4_nf4_m1_n12_X2_Y1_SLVT Switch_NMOS_B_nfin4_nf4_m1_n12_X2_Y1_SLVT.gds
Switch_PMOS_nfin5_nf1_m1_n12_X1_Y1_SLVT Switch_PMOS_nfin5_nf1_m1_n12_X1_Y1_SLVT.gds
DP_PMOS_B_nfin4_nf1_m1_n12_X1_Y1_SLVT DP_PMOS_B_nfin4_nf1_m1_n12_X1_Y1_SLVT.gds
CMC_PMOS_nfin5_nf1_m1_n12_X1_Y1_SLVT CMC_PMOS_nfin5_nf1_m1_n12_X1_Y1_SLVT.gds
Switch_NMOS_B_nfin4_nf1_m1_n12_X1_Y1_SLVT Switch_NMOS_B_nfin4_nf1_m1_n12_X1_Y1_SLVT.gds
Switch_PMOS_B_nfin4_nf2_m1_n12_X1_Y1_SLVT Switch_PMOS_B_nfin4_nf2_m1_n12_X1_Y1_SLVT.gds
Switch_PMOS_nfin5_nf3_m1_n12_X2_Y1_SLVT Switch_PMOS_nfin5_nf3_m1_n12_X2_Y1_SLVT.gds
Switch_PMOS_nfin4_nf4_m1_n12_X2_Y1_SLVT Switch_PMOS_nfin4_nf4_m1_n12_X2_Y1_SLVT.gds
Switch_PMOS_nfin5_nf4_m1_n12_X2_Y1_SLVT Switch_PMOS_nfin5_nf4_m1_n12_X2_Y1_SLVT.gds
Dummy_PMOS_nfin5_nf1_m1_n12_X1_Y1_SLVT Dummy_PMOS_nfin5_nf1_m1_n12_X1_Y1_SLVT.gds
CCP_PMOS_B_nfin4_nf1_m1_n12_X1_Y1_SLVT CCP_PMOS_B_nfin4_nf1_m1_n12_X1_Y1_SLVT.gds
DP_NMOS_B_nfin4_nf4_m1_n12_X2_Y1_SLVT DP_NMOS_B_nfin4_nf4_m1_n12_X2_Y1_SLVT.gds
Switch_PMOS_nfin5_nf5_m1_n12_X3_Y1_SLVT Switch_PMOS_nfin5_nf5_m1_n12_X3_Y1_SLVT.gds
Switch_NMOS_B_nfin4_nf2_m1_n12_X1_Y1_SLVT Switch_NMOS_B_nfin4_nf2_m1_n12_X1_Y1_SLVT.gds
Switch_PMOS_nfin5_nf6_m1_n12_X3_Y1_SLVT Switch_PMOS_nfin5_nf6_m1_n12_X3_Y1_SLVT.gds
